.next/types/validator.ts(42,39): error TS2307: Cannot find module '../../app/page.js' or its corresponding type declarations.
app/(client)/layout.tsx(1,25): error TS2307: Cannot find module '@/components/CategoryNavbar' or its corresponding type declarations.
app/(client)/layout.tsx(2,20): error TS2307: Cannot find module '@/components/Footer' or its corresponding type declarations.
app/(client)/layout.tsx(3,20): error TS2307: Cannot find module '@/components/Navbar' or its corresponding type declarations.
components/CategoryNavbar.tsx(8,24): error TS2307: Cannot find module '@/components/ui/button' or its corresponding type declarations.
components/CategoryNavbar.tsx(9,27): error TS2307: Cannot find module '@/components/ui/separator' or its corresponding type declarations.
components/CategoryNavbar.tsx(11,28): error TS2307: Cannot find module '@/constants/data' or its corresponding type declarations.
components/CategoryNavbar.tsx(39,28): error TS7031: Binding element 'label' implicitly has an 'any' type.
components/CategoryNavbar.tsx(39,35): error TS7031: Binding element 'href' implicitly has an 'any' type.
components/CategoryNavbar.tsx(39,43): error TS7006: Parameter 'index' implicitly has an 'any' type.
components/Footer.tsx(9,8): error TS2307: Cannot find module '@/constants/data' or its corresponding type declarations.
components/Footer.tsx(37,38): error TS7031: Binding element 'Icon' implicitly has an 'any' type.
components/Footer.tsx(37,44): error TS7031: Binding element 'label' implicitly has an 'any' type.
components/Footer.tsx(37,51): error TS7031: Binding element 'href' implicitly has an 'any' type.
components/Footer.tsx(185,35): error TS7031: Binding element 'label' implicitly has an 'any' type.
components/Footer.tsx(185,42): error TS7031: Binding element 'color' implicitly has an 'any' type.
components/MobileSidebar.tsx(10,8): error TS2307: Cannot find module '@/components/ui/sheet' or its corresponding type declarations.
components/MobileSidebar.tsx(12,24): error TS2307: Cannot find module '@/components/ui/button' or its corresponding type declarations.
components/MobileSidebar.tsx(13,23): error TS2307: Cannot find module '@/components/ui/input' or its corresponding type declarations.
components/MobileSidebar.tsx(14,27): error TS2307: Cannot find module '@/components/ui/separator' or its corresponding type declarations.
components/MobileSidebar.tsx(21,8): error TS2307: Cannot find module '@/components/ui/select' or its corresponding type declarations.
components/MobileSidebar.tsx(23,65): error TS2307: Cannot find module '@/constants/data' or its corresponding type declarations.
components/MobileSidebar.tsx(67,30): error TS7031: Binding element 'label' implicitly has an 'any' type.
components/MobileSidebar.tsx(67,37): error TS7031: Binding element 'href' implicitly has an 'any' type.
components/MobileSidebar.tsx(93,38): error TS7031: Binding element 'Icon' implicitly has an 'any' type.
components/MobileSidebar.tsx(93,44): error TS7031: Binding element 'label' implicitly has an 'any' type.
components/MobileSidebar.tsx(93,51): error TS7031: Binding element 'href' implicitly has an 'any' type.
components/MobileSidebar.tsx(112,34): error TS7006: Parameter 'c' implicitly has an 'any' type.
components/MobileSidebar.tsx(123,33): error TS7006: Parameter 'l' implicitly has an 'any' type.
components/Navbar.tsx(7,24): error TS2307: Cannot find module '@/components/ui/button' or its corresponding type declarations.
components/Navbar.tsx(8,23): error TS2307: Cannot find module '@/components/ui/input' or its corresponding type declarations.
components/Navbar.tsx(9,23): error TS2307: Cannot find module '@/components/ui/badge' or its corresponding type declarations.
components/Navbar.tsx(29,8): error TS2307: Cannot find module '@/constants/data' or its corresponding type declarations.
components/Navbar.tsx(49,40): error TS7031: Binding element 'Icon' implicitly has an 'any' type.
components/Navbar.tsx(49,46): error TS7031: Binding element 'label' implicitly has an 'any' type.
components/Navbar.tsx(49,53): error TS7031: Binding element 'href' implicitly has an 'any' type.
components/Navbar.tsx(65,41): error TS7031: Binding element 'Icon' implicitly has an 'any' type.
components/Navbar.tsx(65,47): error TS7031: Binding element 'label' implicitly has an 'any' type.
components/Navbar.tsx(65,54): error TS7031: Binding element 'href' implicitly has an 'any' type.
components/Navbar.tsx(85,34): error TS7006: Parameter 'c' implicitly has an 'any' type.
components/Navbar.tsx(98,33): error TS7006: Parameter 'l' implicitly has an 'any' type.
components/ui/badge.tsx(5,20): error TS2307: Cannot find module '@/lib/utils' or its corresponding type declarations.
components/ui/button.tsx(5,20): error TS2307: Cannot find module '@/lib/utils' or its corresponding type declarations.
components/ui/card.tsx(3,20): error TS2307: Cannot find module '@/lib/utils' or its corresponding type declarations.
components/ui/input.tsx(3,20): error TS2307: Cannot find module '@/lib/utils' or its corresponding type declarations.
components/ui/navigation-menu.tsx(5,20): error TS2307: Cannot find module '@/lib/utils' or its corresponding type declarations.
components/ui/select.tsx(6,20): error TS2307: Cannot find module '@/lib/utils' or its corresponding type declarations.
components/ui/separator.tsx(5,20): error TS2307: Cannot find module '@/lib/utils' or its corresponding type declarations.
components/ui/sheet.tsx(6,20): error TS2307: Cannot find module '@/lib/utils' or its corresponding type declarations.
components/ui/sheet.tsx(7,24): error TS2307: Cannot find module '@/components/ui/button' or its corresponding type declarations.
components/ui/tooltip.tsx(6,20): error TS2307: Cannot find module '@/lib/utils' or its corresponding type declarations.
